#-----------------------------------------------------------
# Vivado v2023.2 (64-bit)
# SW Build 4029153 on Fri Oct 13 20:13:54 MDT 2023
# IP Build 4028589 on Sat Oct 14 00:45:43 MDT 2023
# SharedData Build 4025554 on Tue Oct 10 17:18:54 MDT 2023
# Start of session at: Thu Oct  1 12:18:59 2026
# Process ID: 123933
# Current directory: /home/u24ev057/hdl_cao/CAO_lab/vivado_proj/cao_lab_u24ev057/cao_lab_u24ev057.sim/sim_1/behav/xsim
# Command line: vivado
# Log file: /home/u24ev057/hdl_cao/CAO_lab/vivado_proj/cao_lab_u24ev057/cao_lab_u24ev057.sim/sim_1/behav/xsim/vivado.log
# Journal file: /home/u24ev057/hdl_cao/CAO_lab/vivado_proj/cao_lab_u24ev057/cao_lab_u24ev057.sim/sim_1/behav/xsim/vivado.jou
# Running On: vlsilab-client44.eced.svnit.ac.in, OS: Linux, CPU Frequency: 3200.000 MHz, CPU Physical cores: 6, Host memory: 7953 MB
#-----------------------------------------------------------
start_gui
open_project /home/u24ev057/hdl_cao/CAO_lab/vivado_proj/cao_lab_u24ev057/cao_lab_u24ev057.xpr
INFO: [filemgmt 56-3] Default IP Output Path : Could not find the directory '/home/u24ev057/hdl_cao/CAO_lab/vivado_proj/cao_lab_u24ev057/cao_lab_u24ev057.gen/sources_1'.
CRITICAL WARNING: [Project 1-19] Could not find the file '/home/u24ev057/hdl_cao/CAO_lab/vivado_proj/cao_lab_u24ev057/lab3_wallance_tb_behav.wcfg'.
CRITICAL WARNING: [Project 1-19] Could not find the file '/home/u24ev057/hdl_cao/CAO_lab/vivado_proj/cao_lab_u24ev057/cla8_tb_behav.wcfg'.
CRITICAL WARNING: [Project 1-19] Could not find the file '/home/u24ev057/hdl_cao/CAO_lab/vivado_proj/cao_lab_u24ev057/rca8_tb_behav.wcfg'.
CRITICAL WARNING: [Project 1-19] Could not find the file '/home/u24ev057/hdl_cao/CAO_lab/vivado_proj/cao_lab_u24ev057/booth_mul_tb_behav.wcfg'.
CRITICAL WARNING: [Project 1-19] Could not find the file '/home/u24ev057/hdl_cao/CAO_lab/vivado_proj/cao_lab_u24ev057/alu8_vhdl_tb_behav.wcfg'.
Scanning sources...
Finished scanning sources
INFO: [IP_Flow 19-234] Refreshing IP repositories
INFO: [IP_Flow 19-1704] No user IP repositories specified
INFO: [IP_Flow 19-2313] Loaded Vivado IP repository '/tools/Xilinx/Vivado/2023.2/data/ip'.
launch_simulation
Command: launch_simulation 
INFO: [Vivado 12-12493] Simulation top is 'alu8_vhdl_tb'
INFO: [Vivado 12-5682] Launching behavioral simulation in '/home/u24ev057/hdl_cao/CAO_lab/vivado_proj/cao_lab_u24ev057/cao_lab_u24ev057.sim/sim_1/behav/xsim'
INFO: [SIM-utils-51] Simulation object is 'sim_1'
INFO: [SIM-utils-72] Using boost library from '/tools/Xilinx/Vivado/2023.2/tps/boost_1_72_0'
INFO: [SIM-utils-54] Inspecting design source files for 'alu8_vhdl_tb' in fileset 'sim_1'...
INFO: [USF-XSim-97] Finding global include files...
INFO: [USF-XSim-98] Fetching design files from 'sim_1'...
INFO: [USF-XSim-2] XSim::Compile design
INFO: [USF-XSim-61] Executing 'COMPILE and ANALYZE' step in '/home/u24ev057/hdl_cao/CAO_lab/vivado_proj/cao_lab_u24ev057/cao_lab_u24ev057.sim/sim_1/behav/xsim'
xvhdl --incr --relax -prj alu8_vhdl_tb_vhdl.prj
INFO: [VRFC 10-163] Analyzing VHDL file "/home/u24ev057/hdl_cao/CAO_lab/vivado_proj/cao_lab_u24ev057/rtl/alu/alu_8bit_vhdl.vhd" into library xil_defaultlib
INFO: [VRFC 10-3107] analyzing entity 'alu_8bit_vhdl'
INFO: [VRFC 10-163] Analyzing VHDL file "/home/u24ev057/hdl_cao/CAO_lab/vivado_proj/cao_lab_u24ev057/tb/alu/alu8_vhdl_tb.vhd" into library xil_defaultlib
INFO: [VRFC 10-3107] analyzing entity 'alu8_vhdl_tb'
Waiting for jobs to finish...
No pending jobs, compilation finished.
INFO: [USF-XSim-69] 'compile' step finished in '2' seconds
INFO: [USF-XSim-3] XSim::Elaborate design
INFO: [USF-XSim-61] Executing 'ELABORATE' step in '/home/u24ev057/hdl_cao/CAO_lab/vivado_proj/cao_lab_u24ev057/cao_lab_u24ev057.sim/sim_1/behav/xsim'
xelab --incr --debug typical --relax --mt 8 -L xil_defaultlib -L secureip --snapshot alu8_vhdl_tb_behav xil_defaultlib.alu8_vhdl_tb -log elaborate.log
Vivado Simulator v2023.2
Copyright 1986-2022 Xilinx, Inc. All Rights Reserved.
Copyright 2022-2023 Advanced Micro Devices, Inc. All Rights Reserved.
Running: /tools/Xilinx/Vivado/2023.2/bin/unwrapped/lnx64.o/xelab --incr --debug typical --relax --mt 8 -L xil_defaultlib -L secureip --snapshot alu8_vhdl_tb_behav xil_defaultlib.alu8_vhdl_tb -log elaborate.log 
Using 8 slave threads.
Starting static elaboration
Completed static elaboration
Starting simulation data flow analysis
Completed simulation data flow analysis
Time Resolution for simulation is 1ps
Compiling package std.standard
Compiling package std.textio
Compiling package ieee.std_logic_1164
Compiling package ieee.numeric_std
Compiling architecture behavioral of entity xil_defaultlib.alu_8bit_vhdl [alu_8bit_vhdl_default]
Compiling architecture behavioral of entity xil_defaultlib.alu8_vhdl_tb
Built simulation snapshot alu8_vhdl_tb_behav
INFO: [USF-XSim-69] 'elaborate' step finished in '1' seconds
INFO: [USF-XSim-4] XSim::Simulate design
WARNING: [USF-XSim-17] WCFG file does not exist:/home/u24ev057/hdl_cao/CAO_lab/vivado_proj/cao_lab_u24ev057/lab3_wallance_tb_behav.wcfg
WARNING: [USF-XSim-17] WCFG file does not exist:/home/u24ev057/hdl_cao/CAO_lab/vivado_proj/cao_lab_u24ev057/cla8_tb_behav.wcfg
WARNING: [USF-XSim-17] WCFG file does not exist:/home/u24ev057/hdl_cao/CAO_lab/vivado_proj/cao_lab_u24ev057/rca8_tb_behav.wcfg
WARNING: [USF-XSim-17] WCFG file does not exist:/home/u24ev057/hdl_cao/CAO_lab/vivado_proj/cao_lab_u24ev057/booth_mul_tb_behav.wcfg
WARNING: [USF-XSim-17] WCFG file does not exist:/home/u24ev057/hdl_cao/CAO_lab/vivado_proj/cao_lab_u24ev057/alu8_vhdl_tb_behav.wcfg
WARNING: [USF-XSim-17] WCFG file does not exist:/home/u24ev057/hdl_cao/CAO_lab/vivado_proj/cao_lab_u24ev057/lab3_wallance_tb_behav.wcfg
WARNING: [USF-XSim-17] WCFG file does not exist:/home/u24ev057/hdl_cao/CAO_lab/vivado_proj/cao_lab_u24ev057/cla8_tb_behav.wcfg
WARNING: [USF-XSim-17] WCFG file does not exist:/home/u24ev057/hdl_cao/CAO_lab/vivado_proj/cao_lab_u24ev057/rca8_tb_behav.wcfg
WARNING: [USF-XSim-17] WCFG file does not exist:/home/u24ev057/hdl_cao/CAO_lab/vivado_proj/cao_lab_u24ev057/booth_mul_tb_behav.wcfg
WARNING: [USF-XSim-17] WCFG file does not exist:/home/u24ev057/hdl_cao/CAO_lab/vivado_proj/cao_lab_u24ev057/alu8_vhdl_tb_behav.wcfg
INFO: [USF-XSim-61] Executing 'SIMULATE' step in '/home/u24ev057/hdl_cao/CAO_lab/vivado_proj/cao_lab_u24ev057/cao_lab_u24ev057.sim/sim_1/behav/xsim'
INFO: [USF-XSim-98] *** Running xsim
   with args "alu8_vhdl_tb_behav -key {Behavioral:sim_1:Functional:alu8_vhdl_tb} -tclbatch {alu8_vhdl_tb.tcl} -log {simulate.log}"
INFO: [USF-XSim-8] Loading simulator feature
Time resolution is 1 ps
source alu8_vhdl_tb.tcl
# set curr_wave [current_wave_config]
# if { [string length $curr_wave] == 0 } {
#   if { [llength [get_objects]] > 0} {
#     add_wave /
#     set_property needs_save false [current_wave_config]
#   } else {
#      send_msg_id Add_Wave-1 WARNING "No top level signals found. Simulator will start without a wave window. If you want to open a wave window go to 'File->New Waveform Configuration' or type 'create_wave_config' in the TCL console."
#   }
# }
# run 1000ns
Failure: arguments of overloaded 'and' operator are not of the same length
Time: 150 ns  Iteration: 1  Process: /alu8_vhdl_tb/alu_vhdl/line__45  File: /home/u24ev057/hdl_cao/CAO_lab/vivado_proj/cao_lab_u24ev057/rtl/alu/alu_8bit_vhdl.vhd
$finish called at time : 150 ns : File "/home/u24ev057/hdl_cao/CAO_lab/vivado_proj/cao_lab_u24ev057/rtl/alu/alu_8bit_vhdl.vhd" Line 105
INFO: [USF-XSim-96] XSim completed. Design snapshot 'alu8_vhdl_tb_behav' loaded.
INFO: [USF-XSim-97] XSim simulation ran for 1000ns
launch_simulation: Time (s): cpu = 00:00:09 ; elapsed = 00:00:06 . Memory (MB): peak = 8351.793 ; gain = 132.258 ; free physical = 678 ; free virtual = 12499
update_compile_order -fileset sources_1
run 110 ns
Failure: arguments of overloaded 'and' operator are not of the same length
Time: 160 ns  Iteration: 1  Process: /alu8_vhdl_tb/alu_vhdl/line__45  File: /home/u24ev057/hdl_cao/CAO_lab/vivado_proj/cao_lab_u24ev057/rtl/alu/alu_8bit_vhdl.vhd
$finish called at time : 160 ns : File "/home/u24ev057/hdl_cao/CAO_lab/vivado_proj/cao_lab_u24ev057/rtl/alu/alu_8bit_vhdl.vhd" Line 105
relaunch_sim
Command: launch_simulation -step compile -simset sim_1 -mode behavioral
INFO: [Vivado 12-12493] Simulation top is 'alu8_vhdl_tb'
INFO: [Vivado 12-5682] Launching behavioral simulation in '/home/u24ev057/hdl_cao/CAO_lab/vivado_proj/cao_lab_u24ev057/cao_lab_u24ev057.sim/sim_1/behav/xsim'
INFO: [SIM-utils-51] Simulation object is 'sim_1'
INFO: [SIM-utils-72] Using boost library from '/tools/Xilinx/Vivado/2023.2/tps/boost_1_72_0'
INFO: [SIM-utils-54] Inspecting design source files for 'alu8_vhdl_tb' in fileset 'sim_1'...
INFO: [USF-XSim-97] Finding global include files...
INFO: [USF-XSim-98] Fetching design files from 'sim_1'...
INFO: [USF-XSim-2] XSim::Compile design
INFO: [USF-XSim-61] Executing 'COMPILE and ANALYZE' step in '/home/u24ev057/hdl_cao/CAO_lab/vivado_proj/cao_lab_u24ev057/cao_lab_u24ev057.sim/sim_1/behav/xsim'
xvhdl --incr --relax -prj alu8_vhdl_tb_vhdl.prj
INFO: [VRFC 10-163] Analyzing VHDL file "/home/u24ev057/hdl_cao/CAO_lab/vivado_proj/cao_lab_u24ev057/rtl/alu/alu_8bit_vhdl.vhd" into library xil_defaultlib
INFO: [VRFC 10-3107] analyzing entity 'alu_8bit_vhdl'
INFO: [VRFC 10-163] Analyzing VHDL file "/home/u24ev057/hdl_cao/CAO_lab/vivado_proj/cao_lab_u24ev057/tb/alu/alu8_vhdl_tb.vhd" into library xil_defaultlib
INFO: [VRFC 10-3107] analyzing entity 'alu8_vhdl_tb'
Waiting for jobs to finish...
No pending jobs, compilation finished.
INFO: [USF-XSim-69] 'compile' step finished in '2' seconds
Command: launch_simulation -step elaborate -simset sim_1 -mode behavioral
INFO: [Vivado 12-12493] Simulation top is 'alu8_vhdl_tb'
INFO: [Vivado 12-5682] Launching behavioral simulation in '/home/u24ev057/hdl_cao/CAO_lab/vivado_proj/cao_lab_u24ev057/cao_lab_u24ev057.sim/sim_1/behav/xsim'
INFO: [SIM-utils-51] Simulation object is 'sim_1'
INFO: [USF-XSim-3] XSim::Elaborate design
INFO: [USF-XSim-61] Executing 'ELABORATE' step in '/home/u24ev057/hdl_cao/CAO_lab/vivado_proj/cao_lab_u24ev057/cao_lab_u24ev057.sim/sim_1/behav/xsim'
xelab --incr --debug typical --relax --mt 8 -L xil_defaultlib -L secureip --snapshot alu8_vhdl_tb_behav xil_defaultlib.alu8_vhdl_tb -log elaborate.log
Vivado Simulator v2023.2
Copyright 1986-2022 Xilinx, Inc. All Rights Reserved.
Copyright 2022-2023 Advanced Micro Devices, Inc. All Rights Reserved.
Running: /tools/Xilinx/Vivado/2023.2/bin/unwrapped/lnx64.o/xelab --incr --debug typical --relax --mt 8 -L xil_defaultlib -L secureip --snapshot alu8_vhdl_tb_behav xil_defaultlib.alu8_vhdl_tb -log elaborate.log 
Using 8 slave threads.
Starting static elaboration
Completed static elaboration
Starting simulation data flow analysis
Completed simulation data flow analysis
Time Resolution for simulation is 1ps
Compiling package std.standard
Compiling package std.textio
Compiling package ieee.std_logic_1164
Compiling package ieee.numeric_std
Compiling architecture behavioral of entity xil_defaultlib.alu_8bit_vhdl [alu_8bit_vhdl_default]
Compiling architecture behavioral of entity xil_defaultlib.alu8_vhdl_tb
Built simulation snapshot alu8_vhdl_tb_behav
INFO: [USF-XSim-69] 'elaborate' step finished in '1' seconds
Time resolution is 1 ps
relaunch_sim: Time (s): cpu = 00:00:07 ; elapsed = 00:00:07 . Memory (MB): peak = 8391.809 ; gain = 0.000 ; free physical = 590 ; free virtual = 12392
relaunch_sim
Command: launch_simulation -step compile -simset sim_1 -mode behavioral
INFO: [Vivado 12-12493] Simulation top is 'alu8_vhdl_tb'
INFO: [Vivado 12-5682] Launching behavioral simulation in '/home/u24ev057/hdl_cao/CAO_lab/vivado_proj/cao_lab_u24ev057/cao_lab_u24ev057.sim/sim_1/behav/xsim'
INFO: [SIM-utils-51] Simulation object is 'sim_1'
INFO: [USF-XSim-2] XSim::Compile design
INFO: [USF-XSim-61] Executing 'COMPILE and ANALYZE' step in '/home/u24ev057/hdl_cao/CAO_lab/vivado_proj/cao_lab_u24ev057/cao_lab_u24ev057.sim/sim_1/behav/xsim'
xvhdl --incr --relax -prj alu8_vhdl_tb_vhdl.prj
INFO: [VRFC 10-163] Analyzing VHDL file "/home/u24ev057/hdl_cao/CAO_lab/vivado_proj/cao_lab_u24ev057/rtl/alu/alu_8bit_vhdl.vhd" into library xil_defaultlib
INFO: [VRFC 10-3107] analyzing entity 'alu_8bit_vhdl'
INFO: [VRFC 10-163] Analyzing VHDL file "/home/u24ev057/hdl_cao/CAO_lab/vivado_proj/cao_lab_u24ev057/tb/alu/alu8_vhdl_tb.vhd" into library xil_defaultlib
INFO: [VRFC 10-3107] analyzing entity 'alu8_vhdl_tb'
Waiting for jobs to finish...
No pending jobs, compilation finished.
INFO: [USF-XSim-69] 'compile' step finished in '1' seconds
Command: launch_simulation -step elaborate -simset sim_1 -mode behavioral
INFO: [Vivado 12-12493] Simulation top is 'alu8_vhdl_tb'
INFO: [Vivado 12-5682] Launching behavioral simulation in '/home/u24ev057/hdl_cao/CAO_lab/vivado_proj/cao_lab_u24ev057/cao_lab_u24ev057.sim/sim_1/behav/xsim'
INFO: [SIM-utils-51] Simulation object is 'sim_1'
INFO: [USF-XSim-3] XSim::Elaborate design
INFO: [USF-XSim-61] Executing 'ELABORATE' step in '/home/u24ev057/hdl_cao/CAO_lab/vivado_proj/cao_lab_u24ev057/cao_lab_u24ev057.sim/sim_1/behav/xsim'
xelab --incr --debug typical --relax --mt 8 -L xil_defaultlib -L secureip --snapshot alu8_vhdl_tb_behav xil_defaultlib.alu8_vhdl_tb -log elaborate.log
Vivado Simulator v2023.2
Copyright 1986-2022 Xilinx, Inc. All Rights Reserved.
Copyright 2022-2023 Advanced Micro Devices, Inc. All Rights Reserved.
Running: /tools/Xilinx/Vivado/2023.2/bin/unwrapped/lnx64.o/xelab --incr --debug typical --relax --mt 8 -L xil_defaultlib -L secureip --snapshot alu8_vhdl_tb_behav xil_defaultlib.alu8_vhdl_tb -log elaborate.log 
Using 8 slave threads.
Starting static elaboration
Completed static elaboration
Starting simulation data flow analysis
Completed simulation data flow analysis
Time Resolution for simulation is 1ps
Compiling package std.standard
Compiling package std.textio
Compiling package ieee.std_logic_1164
Compiling package ieee.numeric_std
Compiling architecture behavioral of entity xil_defaultlib.alu_8bit_vhdl [alu_8bit_vhdl_default]
Compiling architecture behavioral of entity xil_defaultlib.alu8_vhdl_tb
Built simulation snapshot alu8_vhdl_tb_behav
INFO: [USF-XSim-69] 'elaborate' step finished in '2' seconds
Time resolution is 1 ps
relaunch_sim: Time (s): cpu = 00:00:06 ; elapsed = 00:00:06 . Memory (MB): peak = 8391.809 ; gain = 0.000 ; free physical = 667 ; free virtual = 12470
restart
INFO: [Wavedata 42-604] Simulation restarted
run 110 ns
run 110 ns
run 110 ns
run 110 ns
WARNING: [filemgmt 56-199] Attempt to get parsing info during refresh. "On-the-fly" syntax checking information may be incorrect. [/home/u24ev057/hdl_cao/CAO_lab/vivado_proj/cao_lab_u24ev057/tb/alu/alu8_vhdl_tb.vhd:]
WARNING: [filemgmt 56-199] Attempt to get parsing info during refresh. "On-the-fly" syntax checking information may be incorrect. [/home/u24ev057/hdl_cao/CAO_lab/vivado_proj/cao_lab_u24ev057/rtl/alu/alu_8bit_vhdl.vhd:]
relaunch_sim
Command: launch_simulation -step compile -simset sim_1 -mode behavioral
INFO: [Vivado 12-12493] Simulation top is 'alu8_vhdl_tb'
WARNING: [filemgmt 56-199] Attempt to get parsing info during refresh. "On-the-fly" syntax checking information may be incorrect. [/home/u24ev057/hdl_cao/CAO_lab/vivado_proj/cao_lab_u24ev057/tb/alu/alu8_vhdl_tb.vhd:]
WARNING: [filemgmt 56-199] Attempt to get parsing info during refresh. "On-the-fly" syntax checking information may be incorrect. [/home/u24ev057/hdl_cao/CAO_lab/vivado_proj/cao_lab_u24ev057/rtl/alu/alu_8bit_vhdl.vhd:]
INFO: [Vivado 12-5682] Launching behavioral simulation in '/home/u24ev057/hdl_cao/CAO_lab/vivado_proj/cao_lab_u24ev057/cao_lab_u24ev057.sim/sim_1/behav/xsim'
INFO: [SIM-utils-51] Simulation object is 'sim_1'
INFO: [USF-XSim-2] XSim::Compile design
INFO: [USF-XSim-61] Executing 'COMPILE and ANALYZE' step in '/home/u24ev057/hdl_cao/CAO_lab/vivado_proj/cao_lab_u24ev057/cao_lab_u24ev057.sim/sim_1/behav/xsim'
xvhdl --incr --relax -prj alu8_vhdl_tb_vhdl.prj
INFO: [VRFC 10-163] Analyzing VHDL file "/home/u24ev057/hdl_cao/CAO_lab/vivado_proj/cao_lab_u24ev057/rtl/alu/alu_8bit_vhdl.vhd" into library xil_defaultlib
INFO: [VRFC 10-3107] analyzing entity 'alu_8bit_vhdl'
INFO: [VRFC 10-163] Analyzing VHDL file "/home/u24ev057/hdl_cao/CAO_lab/vivado_proj/cao_lab_u24ev057/tb/alu/alu8_vhdl_tb.vhd" into library xil_defaultlib
INFO: [VRFC 10-3107] analyzing entity 'alu8_vhdl_tb'
Waiting for jobs to finish...
No pending jobs, compilation finished.
INFO: [USF-XSim-69] 'compile' step finished in '2' seconds
Command: launch_simulation -step elaborate -simset sim_1 -mode behavioral
INFO: [Vivado 12-12493] Simulation top is 'alu8_vhdl_tb'
INFO: [Vivado 12-5682] Launching behavioral simulation in '/home/u24ev057/hdl_cao/CAO_lab/vivado_proj/cao_lab_u24ev057/cao_lab_u24ev057.sim/sim_1/behav/xsim'
INFO: [SIM-utils-51] Simulation object is 'sim_1'
INFO: [USF-XSim-3] XSim::Elaborate design
INFO: [USF-XSim-61] Executing 'ELABORATE' step in '/home/u24ev057/hdl_cao/CAO_lab/vivado_proj/cao_lab_u24ev057/cao_lab_u24ev057.sim/sim_1/behav/xsim'
xelab --incr --debug typical --relax --mt 8 -L xil_defaultlib -L secureip --snapshot alu8_vhdl_tb_behav xil_defaultlib.alu8_vhdl_tb -log elaborate.log
Vivado Simulator v2023.2
Copyright 1986-2022 Xilinx, Inc. All Rights Reserved.
Copyright 2022-2023 Advanced Micro Devices, Inc. All Rights Reserved.
Running: /tools/Xilinx/Vivado/2023.2/bin/unwrapped/lnx64.o/xelab --incr --debug typical --relax --mt 8 -L xil_defaultlib -L secureip --snapshot alu8_vhdl_tb_behav xil_defaultlib.alu8_vhdl_tb -log elaborate.log 
Using 8 slave threads.
Starting static elaboration
Completed static elaboration
Starting simulation data flow analysis
Completed simulation data flow analysis
Time Resolution for simulation is 1ps
Compiling package std.standard
Compiling package std.textio
Compiling package ieee.std_logic_1164
Compiling package ieee.numeric_std
Compiling architecture behavioral of entity xil_defaultlib.alu_8bit_vhdl [alu_8bit_vhdl_default]
Compiling architecture behavioral of entity xil_defaultlib.alu8_vhdl_tb
Built simulation snapshot alu8_vhdl_tb_behav
INFO: [USF-XSim-69] 'elaborate' step finished in '2' seconds
Time resolution is 1 ps
relaunch_sim: Time (s): cpu = 00:00:05 ; elapsed = 00:00:06 . Memory (MB): peak = 8505.855 ; gain = 0.000 ; free physical = 644 ; free virtual = 12435
